2026-07-22 10:31:29,413 INFO Product viewed
2026-07-22 10:31:39,413 ERROR API request timeout
2026-07-22 10:31:49,414 ERROR Database connection failed
2026-07-22 10:31:59,414 WARNING High memory usage detected
2026-07-22 10:32:09,415 INFO User login successful
2026-07-22 10:32:19,415 INFO Product viewed
2026-07-22 10:32:29,415 INFO Order created successfully
2026-07-22 10:32:39,415 INFO Product viewed
2026-07-22 10:32:49,416 ERROR Database connection failed
2026-07-22 10:32:59,416 INFO Order created successfully
2026-07-22 10:33:09,416 INFO Product viewed
2026-07-22 10:33:19,417 INFO User login successful
2026-07-22 19:35:04,267 ERROR API request timeout
2026-07-22 19:35:14,267 INFO User login successful
2026-07-22 19:35:24,267 ERROR API request timeout
2026-07-22 19:35:34,268 INFO Product viewed
2026-07-22 19:35:44,268 INFO User login successful
2026-07-22 19:35:54,268 INFO Payment completed
2026-07-22 19:36:04,269 WARNING High memory usage detected
2026-07-22 19:36:14,269 INFO Product viewed
2026-07-22 19:36:24,269 INFO Product viewed
2026-07-22 19:36:34,270 INFO Payment completed
2026-07-22 19:36:44,270 WARNING High memory usage detected
2026-07-22 19:36:54,270 WARNING High memory usage detected
2026-07-22 19:37:04,271 WARNING High memory usage detected
2026-07-22 19:37:14,271 INFO User login successful
2026-07-22 19:37:24,271 INFO User login successful
2026-07-22 19:37:34,271 INFO Payment completed
2026-07-22 19:37:44,272 INFO Product viewed
2026-07-22 19:37:54,272 ERROR Database connection failed
2026-07-22 19:38:04,272 INFO Payment completed
2026-07-22 19:38:14,273 ERROR Database connection failed
2026-07-22 19:38:24,273 ERROR Database connection failed
2026-07-22 19:38:34,273 INFO User login successful
2026-07-22 19:38:44,274 INFO Order created successfully
2026-07-23 15:57:45,649 INFO Product viewed
2026-07-23 15:57:55,650 WARNING High memory usage detected
2026-07-23 15:58:05,650 INFO Order created successfully
2026-07-23 15:58:15,651 INFO Payment completed
2026-07-23 15:58:25,651 INFO Product viewed
2026-07-23 15:58:35,651 INFO Order created successfully
2026-07-23 15:58:45,652 WARNING High memory usage detected
2026-07-23 15:58:55,652 INFO Payment completed
2026-07-23 15:59:05,652 ERROR API request timeout
2026-07-23 15:59:15,653 INFO Product viewed
2026-07-23 15:59:25,653 INFO Product viewed
2026-07-23 15:59:35,653 INFO Product viewed
2026-07-23 15:59:45,654 INFO Order created successfully
2026-07-23 15:59:55,654 ERROR API request timeout
2026-07-23 16:00:05,656 INFO Order created successfully
2026-07-23 16:00:15,657 INFO Order created successfully
2026-07-23 16:00:25,658 INFO User login successful
2026-07-23 16:00:35,658 INFO Payment completed
2026-07-23 16:00:45,658 ERROR API request timeout
2026-07-23 16:00:55,658 ERROR Database connection failed
2026-07-23 16:01:05,659 ERROR API request timeout
2026-07-23 16:01:15,659 ERROR API request timeout
2026-07-23 16:01:25,659 INFO Product viewed
2026-07-23 16:01:35,660 INFO User login successful
2026-07-23 16:01:45,660 WARNING High memory usage detected
2026-07-23 16:01:55,660 INFO Payment completed
2026-07-23 16:02:05,661 ERROR Database connection failed
2026-07-23 16:02:15,661 ERROR Database connection failed
2026-07-23 16:02:25,661 INFO Order created successfully
2026-07-23 16:02:35,662 WARNING High memory usage detected
2026-07-23 16:16:42,110 CRITICAL Database server unreachable
2026-07-23 16:16:52,110 CRITICAL Database server unreachable
2026-07-23 16:17:02,111 ERROR API request timeout
2026-07-23 16:17:12,111 WARNING High memory usage detected
2026-07-23 16:52:09,553 INFO Payment completed
2026-07-23 16:52:19,553 INFO Payment completed
2026-07-23 16:52:29,554 INFO Order created successfully
2026-07-23 16:52:39,554 INFO Product viewed
2026-07-23 16:52:49,554 INFO Product viewed
2026-07-23 16:52:59,555 INFO Product viewed
2026-07-23 16:53:09,555 WARNING High memory usage detected
2026-07-23 16:53:19,555 INFO Payment completed
2026-07-23 16:53:29,556 WARNING High memory usage detected
2026-07-23 16:53:39,556 CRITICAL Database server unreachable
2026-07-23 16:53:49,556 INFO Order created successfully
2026-07-23 16:53:59,557 INFO Product viewed
2026-07-23 16:54:09,557 CRITICAL Database server unreachable
2026-07-23 16:54:19,557 INFO Payment completed
2026-07-23 16:54:29,558 INFO Payment completed
2026-07-23 16:54:39,558 ERROR API request timeout
2026-07-23 16:54:49,558 ERROR API request timeout
2026-07-23 16:54:59,559 INFO Order created successfully
2026-07-23 17:03:29,528 INFO Order created successfully
2026-07-23 17:03:39,528 ERROR Database connection failed
2026-07-23 17:03:49,529 ERROR Database connection failed
2026-07-23 17:03:59,529 CRITICAL Database server unreachable
2026-07-23 17:04:09,529 ERROR API request timeout
2026-07-23 17:04:19,530 INFO User login successful
2026-07-23 17:04:29,530 INFO Payment completed
2026-07-23 17:04:39,531 ERROR API request timeout
2026-07-23 17:04:49,531 INFO Product viewed
2026-07-23 17:04:59,531 ERROR Database connection failed
2026-07-23 17:05:09,532 ERROR API request timeout
2026-07-23 17:05:19,532 WARNING High memory usage detected
2026-07-23 17:05:29,532 INFO Payment completed
2026-07-23 17:05:39,533 INFO Product viewed
2026-07-23 17:05:49,533 INFO Payment completed
2026-07-23 17:05:59,534 INFO Product viewed
2026-07-23 17:06:09,534 INFO Payment completed
2026-07-23 17:23:14,511 INFO User login successful
2026-07-23 17:23:24,511 INFO Order created successfully
2026-07-23 17:23:34,512 WARNING High memory usage detected
2026-07-23 17:23:44,512 INFO User login successful
2026-07-23 17:23:54,513 WARNING High memory usage detected
2026-07-23 17:24:04,513 WARNING High memory usage detected
2026-07-23 17:24:14,513 ERROR API request timeout
2026-07-23 17:24:24,514 INFO Payment completed
2026-07-23 17:24:34,514 INFO Order created successfully
2026-07-23 17:24:44,514 WARNING High memory usage detected
2026-07-23 17:24:54,515 ERROR Database connection failed
2026-07-23 17:25:04,515 INFO User login successful
2026-07-23 17:25:14,515 INFO User login successful
2026-07-23 17:25:24,516 INFO Product viewed
2026-07-23 17:25:34,516 ERROR Database connection failed
2026-07-23 17:25:44,516 INFO Payment completed
2026-07-23 17:25:54,517 CRITICAL Database server unreachable
2026-07-23 17:26:04,517 INFO Product viewed
